Godot Engine v4.7.1.stable.official.a13da4feb - https://godotengine.org

[   0% ] first_scan_filesystem | Started Project initialization (5 steps)
[   0% ] first_scan_filesystem | Scanning file structure...
[  16% ] first_scan_filesystem | Loading global class names...
[  33% ] first_scan_filesystem | Verifying GDExtensions...
[  50% ] first_scan_filesystem | Creating autoload scripts...
[  66% ] first_scan_filesystem | Initializing plugins...
[  83% ] first_scan_filesystem | Starting file scan...
[ DONE ] first_scan_filesystem

[   0% ] savepack | Started Packing (102 steps)
[   1% ] savepack | Storing File: res://autoload/audio_center.gdc
[   7% ] savepack | Storing File: res://autoload/battle_server.gdc
[  14% ] savepack | Storing File: res://autoload/currency.gdc
[  21% ] savepack | Storing File: res://autoload/enemy_spawner_data.gdc
[  27% ] savepack | Storing File: res://autoload/game_server.gdc
[  33% ] savepack | Storing File: res://autoload/level_gui.gdc
[  40% ] savepack | Storing File: res://autoload/level_server.gdc
[  46% ] savepack | Storing File: res://game/enemy.gdc
[  53% ] savepack | Storing File: res://game/main.gdc
[  60% ] savepack | Storing File: res://.godot/exported/133200997/export-178df499c26bcd3357cc4c21fb1eaa2e-main.scn
[  66% ] savepack | Storing File: res://game/player.gdc
[  72% ] savepack | Storing File: res://game/projectile.gdc
[  79% ] savepack | Storing File: res://game/stage.gdc
[  85% ] savepack | Storing File: res://tests/smoke/phase1_smoke.gdc
[  92% ] savepack | Storing File: res://.godot/exported/133200997/export-9987f175c2165d4a8d6586e5fac96b9a-phase1_smoke.scn
[  92% ] savepack | Storing File: res://autoload/audio_center.gd.remap
[  92% ] savepack | Storing File: res://autoload/battle_server.gd.remap
[  92% ] savepack | Storing File: res://autoload/currency.gd.remap
[  92% ] savepack | Storing File: res://autoload/enemy_spawner_data.gd.remap
[  92% ] savepack | Storing File: res://autoload/game_server.gd.remap
[  92% ] savepack | Storing File: res://autoload/level_gui.gd.remap
[  92% ] savepack | Storing File: res://autoload/level_server.gd.remap
[  92% ] savepack | Storing File: res://game/enemy.gd.remap
[  92% ] savepack | Storing File: res://game/main.gd.remap
[  92% ] savepack | Storing File: res://game/main.tscn.remap
[  92% ] savepack | Storing File: res://game/player.gd.remap
[  92% ] savepack | Storing File: res://game/projectile.gd.remap
[  92% ] savepack | Storing File: res://game/stage.gd.remap
[  92% ] savepack | Storing File: res://tests/smoke/phase1_smoke.gd.remap
[  92% ] savepack | Storing File: res://tests/smoke/phase1_smoke.tscn.remap
[  92% ] savepack | Storing File: res://.godot/global_script_class_cache.cfg
[  92% ] savepack | Storing File: res://.godot/uid_cache.bin
[  92% ] savepack | Storing File: res://project.binary
[ DONE ] savepack

