Godot Engine v4.7.1.stable.official.a13da4feb - https://godotengine.org

PASS: Phase 8 resources pass content validation
PASS: multi-level gains carry excess XP iteratively
PASS: level rewards grant stat and skill points once
PASS: level cap is enforced without recursive leveling
PASS: level 1-99 table and campaign range are defined
PASS: stat cap is enforced
PASS: stat stacking applies allocation, equipment, skills, temporary, status, then difficulty
PASS: effective stat caps are applied
PASS: equipment comparison reports actual effective changes
PASS: compatible equipment can be acquired and equipped
PASS: invalid equipment slot cannot be equipped
PASS: locked equipment cannot be sold or dismantled
PASS: loadout presets save and restore
PASS: duplicate conversion policy is deterministic
PASS: inventory sorting and filtering work
PASS: data-driven skill nodes purchase ranks
PASS: respec requires confirmation
PASS: training respec refunds exactly and cannot duplicate points
PASS: all five planned skill trees have authored nodes
PASS: upgrade choice panels only open during safe transitions
PASS: incompatible temporary upgrades are not offered
PASS: temporary upgrade selection changes the stage build
PASS: temporary upgrades serialize into checkpoints
PASS: temporary upgrades reset after missions
PASS: mission rewards account for performance and challenges
PASS: results rewards cannot be duplicated by reload
PASS: profile saves atomically
PASS: complete persistent build saves and reloads
PASS: permanent weapon upgrades persist in profile
PASS: permanent spell upgrades persist in profile
PASS: persistent build and weapon levels alter combat and presentation parameters
PASS: economy simulation covers XP, currency, costs, drops, farming, bosses, and New Game Plus
PASS: balance reports export as CSV
PHASE 8 ACCEPTANCE: all 33 checks passed
WARNING: 9 ObjectDB instances were leaked at exit (run with `--verbose` for details).
   at: cleanup (core/object/object.cpp:2536)
ERROR: 5 resources still in use at exit (run with --verbose for details).
   at: clear (core/io/resource.cpp:822)
