Godot Engine v4.7.1.stable.official.a13da4feb - https://godotengine.org

[   0% ] [90m[1mfirst_scan_filesystem[22m | Started Project initialization (5 steps)[39m[0m
[   0% ] [90m[1mfirst_scan_filesystem[22m | Scanning file structure...[39m[0m
[  16% ] [90m[1mfirst_scan_filesystem[22m | Loading global class names...[39m[0m
[  33% ] [90m[1mfirst_scan_filesystem[22m | Verifying GDExtensions...[39m[0m
[  50% ] [90m[1mfirst_scan_filesystem[22m | Creating autoload scripts...[39m[0m
[  66% ] [90m[1mfirst_scan_filesystem[22m | Initializing plugins...[39m[0m
[  83% ] [90m[1mfirst_scan_filesystem[22m | Starting file scan...[39m[0m
[92m[ DONE ][39m [1mfirst_scan_filesystem[22m
[0m
[   0% ] [90m[1mupdate_scripts_classes[22m | Started Registering global classes... (2 steps)[39m[0m
[   0% ] [90m[1mupdate_scripts_classes[22m | ProfileService[39m[0m
[  33% ] [90m[1mupdate_scripts_classes[22m | GameSession[39m[0m
[92m[ DONE ][39m [1mupdate_scripts_classes[22m
[0m
[   0% ] [90m[1msavepack[22m | Started Packing (102 steps)[39m[0m
[   1% ] [90m[1msavepack[22m | Storing File: res://.godot/imported/background_space_blue_01_sheet.png-bc41b8ed2d028e456a74ccf0fd65d4f1.ctex[39m[0m
[   1% ] [90m[1msavepack[22m | Storing File: res://assets_runtime/backgrounds/background_space_blue_01_sheet.png.import[39m[0m
[   1% ] [90m[1msavepack[22m | Storing File: res://.godot/imported/effect_explosion_small_01_sheet.png-35e4c731fb85a93e9f3ab6040bb7d34f.ctex[39m[0m
[   1% ] [90m[1msavepack[22m | Storing File: res://assets_runtime/effects/effect_explosion_small_01_sheet.png.import[39m[0m
[   1% ] [90m[1msavepack[22m | Storing File: res://.godot/imported/ship_pirate_boss.png-22eeb6a11e230668f40c6ecc1d7ed627.ctex[39m[0m
[   1% ] [90m[1msavepack[22m | Storing File: res://assets_runtime/enemies/ship_pirate_boss.png.import[39m[0m
[   2% ] [90m[1msavepack[22m | Storing File: res://.godot/imported/ship_pirate_fighter.png-b1c504577a06f11cf94c2184034742ee.ctex[39m[0m
[   2% ] [90m[1msavepack[22m | Storing File: res://assets_runtime/enemies/ship_pirate_fighter.png.import[39m[0m
[   2% ] [90m[1msavepack[22m | Storing File: res://.godot/imported/pickup_credits_01_sheet.png-ed775b96a90d929d18f3708013f2fc40.ctex[39m[0m
[   2% ] [90m[1msavepack[22m | Storing File: res://assets_runtime/pickups/pickup_credits_01_sheet.png.import[39m[0m
[   3% ] [90m[1msavepack[22m | Storing File: res://.godot/imported/projectile_plasma_orb_01.png-3a7d1e3be6611f20ec79dd077c33dbdf.ctex[39m[0m
[   3% ] [90m[1msavepack[22m | Storing File: res://assets_runtime/projectiles/projectile_plasma_orb_01.png.import[39m[0m
[   3% ] [90m[1msavepack[22m | Storing File: res://.godot/imported/ui_panel_primary.png-d60702a354920cd79e037d0c54a7d446.ctex[39m[0m
[   3% ] [90m[1msavepack[22m | Storing File: res://assets_runtime/ui/ui_panel_primary.png.import[39m[0m
[   4% ] [90m[1msavepack[22m | Storing File: res://docs/phase8_economy_report.boss.translation[39m[0m
[   4% ] [90m[1msavepack[22m | Storing File: res://docs/phase8_economy_report.csv.import[39m[0m
[   5% ] [90m[1msavepack[22m | Storing File: res://docs/phase8_economy_report.equipment.translation[39m[0m
[   5% ] [90m[1msavepack[22m | Storing File: res://docs/phase8_economy_report.expected.translation[39m[0m
[   6% ] [90m[1msavepack[22m | Storing File: res://docs/phase8_economy_report.failure.translation[39m[0m
[   6% ] [90m[1msavepack[22m | Storing File: res://docs/phase8_economy_report.level.translation[39m[0m
[   6% ] [90m[1msavepack[22m | Storing File: res://docs/phase8_economy_report.new.translation[39m[0m
[   7% ] [90m[1msavepack[22m | Storing File: res://docs/phase8_economy_report.replay.translation[39m[0m
[   7% ] [90m[1msavepack[22m | Storing File: res://docs/phase8_economy_report.upgrade.translation[39m[0m
[   8% ] [90m[1msavepack[22m | Storing File: res://docs/phase8_level_curve.csv.import[39m[0m
[   8% ] [90m[1msavepack[22m | Storing File: res://docs/phase8_level_curve.expected.translation[39m[0m
[   9% ] [90m[1msavepack[22m | Storing File: res://docs/phase8_level_curve.total.translation[39m[0m
[   9% ] [90m[1msavepack[22m | Storing File: res://docs/phase8_level_curve.xp.translation[39m[0m
[  10% ] [90m[1msavepack[22m | Storing File: res://legacy/autoload/audio_center.gdc[39m[0m
[  10% ] [90m[1msavepack[22m | Storing File: res://legacy/autoload/battle_server.gdc[39m[0m
[  11% ] [90m[1msavepack[22m | Storing File: res://legacy/autoload/currency.gdc[39m[0m
[  11% ] [90m[1msavepack[22m | Storing File: res://legacy/autoload/enemy_spawner_data.gdc[39m[0m
[  12% ] [90m[1msavepack[22m | Storing File: res://legacy/autoload/game_server.gdc[39m[0m
[  12% ] [90m[1msavepack[22m | Storing File: res://legacy/autoload/level_gui.gdc[39m[0m
[  12% ] [90m[1msavepack[22m | Storing File: res://legacy/autoload/level_server.gdc[39m[0m
[  13% ] [90m[1msavepack[22m | Storing File: res://legacy/game/enemy.gdc[39m[0m
[  13% ] [90m[1msavepack[22m | Storing File: res://legacy/game/main.gdc[39m[0m
[  14% ] [90m[1msavepack[22m | Storing File: res://.godot/exported/133200997/export-0471427ec23feb45f18acdb09539165f-main.scn[39m[0m
[  14% ] [90m[1msavepack[22m | Storing File: res://legacy/game/player.gdc[39m[0m
[  15% ] [90m[1msavepack[22m | Storing File: res://legacy/game/projectile.gdc[39m[0m
[  15% ] [90m[1msavepack[22m | Storing File: res://legacy/game/stage.gdc[39m[0m
[  16% ] [90m[1msavepack[22m | Storing File: res://production/actors/components/armor_component.gdc[39m[0m
[  16% ] [90m[1msavepack[22m | Storing File: res://production/actors/components/health_component.gdc[39m[0m
[  17% ] [90m[1msavepack[22m | Storing File: res://production/actors/components/hitbox_component.gdc[39m[0m
[  17% ] [90m[1msavepack[22m | Storing File: res://production/actors/components/hurtbox_component.gdc[39m[0m
[  17% ] [90m[1msavepack[22m | Storing File: res://production/actors/components/shield_component.gdc[39m[0m
[  18% ] [90m[1msavepack[22m | Storing File: res://production/actors/components/status_component.gdc[39m[0m
[  18% ] [90m[1msavepack[22m | Storing File: res://production/actors/base_actor_2d.gdc[39m[0m
[  19% ] [90m[1msavepack[22m | Storing File: res://production/actors/production_enemy.gdc[39m[0m
[  19% ] [90m[1msavepack[22m | Storing File: res://production/actors/production_player.gdc[39m[0m
[  20% ] [90m[1msavepack[22m | Storing File: res://production/actors/production_projectile.gdc[39m[0m
[  20% ] [90m[1msavepack[22m | Storing File: res://production/boot/production_boot.gdc[39m[0m
[  21% ] [90m[1msavepack[22m | Storing File: res://.godot/exported/133200997/export-aff83d34b9e44e61b791c7e3843ea360-production_boot.scn[39m[0m
[  21% ] [90m[1msavepack[22m | Storing File: res://production/combat/combat_feedback_controller.gdc[39m[0m
[  22% ] [90m[1msavepack[22m | Storing File: res://production/combat/damage_packet.gdc[39m[0m
[  22% ] [90m[1msavepack[22m | Storing File: res://production/combat/damage_resolver.gdc[39m[0m
[  23% ] [90m[1msavepack[22m | Storing File: res://production/combat/damage_result.gdc[39m[0m
[  23% ] [90m[1msavepack[22m | Storing File: res://production/combat/lock_on_controller.gdc[39m[0m
[  23% ] [90m[1msavepack[22m | Storing File: res://production/combat/melee_runtime.gdc[39m[0m
[  24% ] [90m[1msavepack[22m | Storing File: res://production/combat/pooled_combat_object.gdc[39m[0m
[  24% ] [90m[1msavepack[22m | Storing File: res://production/combat/projectile_interaction_resolver.gdc[39m[0m
[  25% ] [90m[1msavepack[22m | Storing File: res://production/combat/projectile_pool_manager.gdc[39m[0m
[  25% ] [90m[1msavepack[22m | Storing File: res://production/combat/spell_runtime.gdc[39m[0m
[  26% ] [90m[1msavepack[22m | Storing File: res://production/combat/status_application.gdc[39m[0m
[  26% ] [90m[1msavepack[22m | Storing File: res://production/combat/super_mode_runtime.gdc[39m[0m
[  27% ] [90m[1msavepack[22m | Storing File: res://production/combat/weapon_laboratory.gdc[39m[0m
[  27% ] [90m[1msavepack[22m | Storing File: res://.godot/exported/133200997/export-28a7463d603ea1e97bb8e025ab34b367-weapon_laboratory.scn[39m[0m
[  28% ] [90m[1msavepack[22m | Storing File: res://production/combat/weapon_runtime.gdc[39m[0m
[  28% ] [90m[1msavepack[22m | Storing File: res://.godot/exported/133200997/export-ba83f43573cb3a27979a9e61becbbf1b-aimed_burst.res[39m[0m
[  28% ] [90m[1msavepack[22m | Storing File: res://.godot/exported/133200997/export-7918a7bcc9cf0e6715cfb01f433d8f76-ring.res[39m[0m
[  29% ] [90m[1msavepack[22m | Storing File: res://.godot/exported/133200997/export-7bab4cd6222835163eb88aa79ed63983-wall_gaps.res[39m[0m
[  29% ] [90m[1msavepack[22m | Storing File: res://.godot/exported/133200997/export-e4e96c4ccb5fdaeb459f8cf5f6f2519f-scout_deck.res[39m[0m
[  30% ] [90m[1msavepack[22m | Storing File: res://.godot/exported/133200997/export-9e91d38835ce0290ad6bf9c9874fced9-normal.res[39m[0m
[  30% ] [90m[1msavepack[22m | Storing File: res://.godot/exported/133200997/export-80c01883acff95e1559fce2cc20580cd-veteran.res[39m[0m
[  31% ] [90m[1msavepack[22m | Storing File: res://.godot/exported/133200997/export-2bef15fef5ede1e5bf7a7e2b699e6859-scout_drops.res[39m[0m
[  31% ] [90m[1msavepack[22m | Storing File: res://.godot/exported/133200997/export-10f71d84f998870b7f32cdeeb5a3ed61-veteran.res[39m[0m
[  32% ] [90m[1msavepack[22m | Storing File: res://.godot/exported/133200997/export-b4ccfac3fcac52d4a017623dd107fe04-bomber_phase7.res[39m[0m
[  32% ] [90m[1msavepack[22m | Storing File: res://.godot/exported/133200997/export-3381fba64b4c5618e9ddf2768334a0ab-commander_phase7.res[39m[0m
[  33% ] [90m[1msavepack[22m | Storing File: res://.godot/exported/133200997/export-e132bf43f66e9e2ef1c5521db4861195-corsair_phase7.res[39m[0m
[  33% ] [90m[1msavepack[22m | Storing File: res://.godot/exported/133200997/export-accc356b2e658da8686cc1c36322458a-dart_phase7.res[39m[0m
[  33% ] [90m[1msavepack[22m | Storing File: res://.godot/exported/133200997/export-82ce65aa6351202ed7c6db39b97d5592-guardian_phase7.res[39m[0m
[  33% ] [90m[1msavepack[22m | Storing File: res://.godot/exported/133200997/export-fe1eb6399557153f86ceaeaa769bdf95-harrier_phase7.res[39m[0m
[  33% ] [90m[1msavepack[22m | Storing File: res://.godot/exported/133200997/export-ed91c93c476e42c6e78de14bf6a27517-hunter_phase7.res[39m[0m
[  34% ] [90m[1msavepack[22m | Storing File: res://.godot/exported/133200997/export-5b7cb657776c56d75b21d88e6c79e2a2-interceptor_phase7.res[39m[0m
[  34% ] [90m[1msavepack[22m | Storing File: res://.godot/exported/133200997/export-76bd3195634293edb48ee9364bfeb949-lancer_phase7.res[39m[0m
[  35% ] [90m[1msavepack[22m | Storing File: res://.godot/exported/133200997/export-c83c1b9790d1029173dee8bf1c6ed53d-marauder_phase7.res[39m[0m
[  35% ] [90m[1msavepack[22m | Storing File: res://.godot/exported/133200997/export-f47858700bb19c3872ef19cba94d845e-phantom_phase7.res[39m[0m
[  36% ] [90m[1msavepack[22m | Storing File: res://.godot/exported/133200997/export-04db63f5e40d8567a884c123246b2b3b-raider_phase7.res[39m[0m
[  36% ] [90m[1msavepack[22m | Storing File: res://.godot/exported/133200997/export-e433923dee9f4d4444fe3245579b2d91-reaver_phase7.res[39m[0m
[  37% ] [90m[1msavepack[22m | Storing File: res://.godot/exported/133200997/export-e6ccdca983e159aa40b0ec00ad147416-scout.res[39m[0m
[  37% ] [90m[1msavepack[22m | Storing File: res://.godot/exported/133200997/export-1728cc7f3b13e0cd553abdb3572ad687-scout_phase7.res[39m[0m
[  38% ] [90m[1msavepack[22m | Storing File: res://.godot/exported/133200997/export-01eeac75855b4383194b3f748d20dc2b-sentinel_phase7.res[39m[0m
[  38% ] [90m[1msavepack[22m | Storing File: res://.godot/exported/133200997/export-3fe820954578fb60f0a21d843e651a64-stalker_phase7.res[39m[0m
[  38% ] [90m[1msavepack[22m | Storing File: res://.godot/exported/133200997/export-ab63bceb9ea4913544a3302331891db1-striker_phase7.res[39m[0m
[  39% ] [90m[1msavepack[22m | Storing File: res://.godot/exported/133200997/export-9c179b48b132ea7bc87e9743be4a551d-talon_phase7.res[39m[0m
[  39% ] [90m[1msavepack[22m | Storing File: res://.godot/exported/133200997/export-96fdaa979b7a48e1aa2cb907fee98fdf-viper_phase7.res[39m[0m
[  40% ] [90m[1msavepack[22m | Storing File: res://.godot/exported/133200997/export-8e208f2cf77f9c23021610ff9bf5350e-wasp_phase7.res[39m[0m
[  40% ] [90m[1msavepack[22m | Storing File: res://.godot/exported/133200997/export-704eee3432681e535d659211a507fb05-reactor_matrix.res[39m[0m
[  41% ] [90m[1msavepack[22m | Storing File: res://.godot/exported/133200997/export-9211198e307b10760edb0579582a3d4e-vector_thrusters.res[39m[0m
[  41% ] [90m[1msavepack[22m | Storing File: res://.godot/exported/133200997/export-66185c98a645d9a037c4fbf50141796b-arrowhead.res[39m[0m
[  42% ] [90m[1msavepack[22m | Storing File: res://.godot/exported/133200997/export-36504f06f9b04a371ddb4c754cbb556b-architecture_test.res[39m[0m
[  42% ] [90m[1msavepack[22m | Storing File: res://.godot/exported/133200997/export-781ef1a44c25c9e28f32ed270919eb7e-formation_follow.res[39m[0m
[  43% ] [90m[1msavepack[22m | Storing File: res://.godot/exported/133200997/export-93d3f4ae8a67c3df5ed0e6dac6b2fe83-sine.res[39m[0m
[  43% ] [90m[1msavepack[22m | Storing File: res://.godot/exported/133200997/export-f6682e04b6cfb100aa4ea7c7b1064997-straight.res[39m[0m
[  44% ] [90m[1msavepack[22m | Storing File: res://.godot/exported/133200997/export-ee68bd3b1025e1f5254233bc2279ef1f-vanguard.res[39m[0m
[  44% ] [90m[1msavepack[22m | Storing File: res://.godot/exported/133200997/export-9d6ed8d2ed0be71fe7eba6e17d09ea07-capacitor_routing.res[39m[0m
[  44% ] [90m[1msavepack[22m | Storing File: res://.godot/exported/133200997/export-a19ce853f9e5c1e6c0fc0508cb0e4a9f-reactive_plating.res[39m[0m
[  45% ] [90m[1msavepack[22m | Storing File: res://.godot/exported/133200997/export-c02993496f0aa1e510cc053de9e20234-vector_control.res[39m[0m
[  45% ] [90m[1msavepack[22m | Storing File: res://.godot/exported/133200997/export-ce7cf6e30cb104447362386df5022aa6-weapon_calibration.res[39m[0m
[  46% ] [90m[1msavepack[22m | Storing File: res://.godot/exported/133200997/export-ee5da65c3b60596bf002889eff4bb167-wing_command.res[39m[0m
[  46% ] [90m[1msavepack[22m | Storing File: res://.godot/exported/133200997/export-22218534dec555d5defd97d35893091c-aegis.res[39m[0m
[  47% ] [90m[1msavepack[22m | Storing File: res://.godot/exported/133200997/export-1ed9af8e972753e0d4afab4f4c9003e6-cryo.res[39m[0m
[  47% ] [90m[1msavepack[22m | Storing File: res://.godot/exported/133200997/export-d16aba74a699969fd71a2826cf665e3f-gravity.res[39m[0m
[  48% ] [90m[1msavepack[22m | Storing File: res://.godot/exported/133200997/export-bfa15b42dfd8c540d9fc7072ba6814a5-nova.res[39m[0m
[  48% ] [90m[1msavepack[22m | Storing File: res://.godot/exported/133200997/export-c6ee16ef40c18a798f2809fce901ab2f-repair.res[39m[0m
[  49% ] [90m[1msavepack[22m | Storing File: res://.godot/exported/133200997/export-d301b4f217a409a3a69f2cf512743f91-solar.res[39m[0m
[  49% ] [90m[1msavepack[22m | Storing File: res://.godot/exported/133200997/export-3a27843fb5d1b592ed34b3f778af36a1-storm.res[39m[0m
[  50% ] [90m[1msavepack[22m | Storing File: res://.godot/exported/133200997/export-49faad0071e6902800eab70869f7ff94-summon.res[39m[0m
[  50% ] [90m[1msavepack[22m | Storing File: res://.godot/exported/133200997/export-7aa383085b60bb50d1a8260de110f0ce-void.res[39m[0m
[  50% ] [90m[1msavepack[22m | Storing File: res://.godot/exported/133200997/export-a34cf930ee0a548f9e384904e21dd4d0-warp.res[39m[0m
[  51% ] [90m[1msavepack[22m | Storing File: res://.godot/exported/133200997/export-6b61475eedd48b861e515cab4d9d6647-emergency_barrier.res[39m[0m
[  51% ] [90m[1msavepack[22m | Storing File: res://.godot/exported/133200997/export-4f791bf15b81df760eee877447603d75-overcharged_rounds.res[39m[0m
[  52% ] [90m[1msavepack[22m | Storing File: res://.godot/exported/133200997/export-62bef8b112323dcbed2be0be6f4cc014-arrowhead_wave.res[39m[0m
[  52% ] [90m[1msavepack[22m | Storing File: res://.godot/exported/133200997/export-51e9d03d902efe2fd092799b00bbadcc-beam_weapon.res[39m[0m
[  53% ] [90m[1msavepack[22m | Storing File: res://.godot/exported/133200997/export-806bf41933037f9ad4873f6dd5a52878-chain_lightning.res[39m[0m
[  53% ] [90m[1msavepack[22m | Storing File: res://.godot/exported/133200997/export-ad17eeb3b4eefa476aad7f4a0e4211d7-drone_launcher.res[39m[0m
[  54% ] [90m[1msavepack[22m | Storing File: res://.godot/exported/133200997/export-2278a31f9a2ea4c1f9e391ae18e2a3a9-homing_laser.res[39m[0m
[  54% ] [90m[1msavepack[22m | Storing File: res://.godot/exported/133200997/export-bebc5d4ef0685036d52776d7eef5c55d-mine_layer.res[39m[0m
[  55% ] [90m[1msavepack[22m | Storing File: res://.godot/exported/133200997/export-91f448d07c8a758f2959ef47de93913c-missile_launcher.res[39m[0m
[  55% ] [90m[1msavepack[22m | Storing File: res://.godot/exported/133200997/export-8115c757f42156e160aae47c98ecd8fa-pulse_cannon.res[39m[0m
[  55% ] [90m[1msavepack[22m | Storing File: res://.godot/exported/133200997/export-1c5e70e58730c4a1601529bbb9c9f7b3-rail_weapon.res[39m[0m
[  56% ] [90m[1msavepack[22m | Storing File: res://.godot/exported/133200997/export-ed955f876c9787c5f2102e5f2d8a467a-scatter_weapon.res[39m[0m
[  56% ] [90m[1msavepack[22m | Storing File: res://.godot/exported/133200997/export-ccd3f33d166192305c4008989c1ce582-spread_cannon.res[39m[0m
[  57% ] [90m[1msavepack[22m | Storing File: res://production/content/definitions/attack_deck_definition.gdc[39m[0m
[  57% ] [90m[1msavepack[22m | Storing File: res://production/content/definitions/attack_pattern_definition.gdc[39m[0m
[  58% ] [90m[1msavepack[22m | Storing File: res://production/content/definitions/background_layer_definition.gdc[39m[0m
[  58% ] [90m[1msavepack[22m | Storing File: res://production/content/definitions/content_definition.gdc[39m[0m
[  59% ] [90m[1msavepack[22m | Storing File: res://production/content/definitions/difficulty_profile_definition.gdc[39m[0m
[  59% ] [90m[1msavepack[22m | Storing File: res://production/content/definitions/drop_table_definition.gdc[39m[0m
[  60% ] [90m[1msavepack[22m | Storing File: res://production/content/definitions/effect_definition.gdc[39m[0m
[  60% ] [90m[1msavepack[22m | Storing File: res://production/content/definitions/elite_profile_definition.gdc[39m[0m
[  61% ] [90m[1msavepack[22m | Storing File: res://production/content/definitions/enemy_definition.gdc[39m[0m
[  61% ] [90m[1msavepack[22m | Storing File: res://production/content/definitions/equipment_definition.gdc[39m[0m
[  61% ] [90m[1msavepack[22m | Storing File: res://production/content/definitions/formation_definition.gdc[39m[0m
[  62% ] [90m[1msavepack[22m | Storing File: res://production/content/definitions/melee_definition.gdc[39m[0m
[  62% ] [90m[1msavepack[22m | Storing File: res://production/content/definitions/mission_definition.gdc[39m[0m
[  63% ] [90m[1msavepack[22m | Storing File: res://production/content/definitions/movement_pattern_definition.gdc[39m[0m
[  63% ] [90m[1msavepack[22m | Storing File: res://production/content/definitions/portrait_definition.gdc[39m[0m
[  64% ] [90m[1msavepack[22m | Storing File: res://production/content/definitions/projectile_definition.gdc[39m[0m
[  64% ] [90m[1msavepack[22m | Storing File: res://production/content/definitions/projectile_interaction_policy.gdc[39m[0m
[  65% ] [90m[1msavepack[22m | Storing File: res://production/content/definitions/ship_definition.gdc[39m[0m
[  65% ] [90m[1msavepack[22m | Storing File: res://production/content/definitions/skill_node_definition.gdc[39m[0m
[  66% ] [90m[1msavepack[22m | Storing File: res://production/content/definitions/spell_definition.gdc[39m[0m
[  66% ] [90m[1msavepack[22m | Storing File: res://production/content/definitions/super_mode_definition.gdc[39m[0m
[  66% ] [90m[1msavepack[22m | Storing File: res://production/content/definitions/temporary_upgrade_definition.gdc[39m[0m
[  66% ] [90m[1msavepack[22m | Storing File: res://production/content/definitions/ui_theme_asset_definition.gdc[39m[0m
[  66% ] [90m[1msavepack[22m | Storing File: res://production/content/definitions/wave_definition.gdc[39m[0m
[  67% ] [90m[1msavepack[22m | Storing File: res://production/content/definitions/weapon_definition.gdc[39m[0m
[  67% ] [90m[1msavepack[22m | Storing File: res://production/content/content_database.gdc[39m[0m
[  68% ] [90m[1msavepack[22m | Storing File: res://production/enemies/drop_resolver.gdc[39m[0m
[  68% ] [90m[1msavepack[22m | Storing File: res://production/enemies/enemy_attack_controller.gdc[39m[0m
[  69% ] [90m[1msavepack[22m | Storing File: res://production/enemies/enemy_laboratory.gdc[39m[0m
[  69% ] [90m[1msavepack[22m | Storing File: res://.godot/exported/133200997/export-d28fa199f33c9a255d7413856fd78f99-enemy_laboratory.scn[39m[0m
[  70% ] [90m[1msavepack[22m | Storing File: res://production/enemies/enemy_movement_controller.gdc[39m[0m
[  70% ] [90m[1msavepack[22m | Storing File: res://production/enemies/enemy_pool_manager.gdc[39m[0m
[  71% ] [90m[1msavepack[22m | Storing File: res://production/enemies/formation_runtime.gdc[39m[0m
[  71% ] [90m[1msavepack[22m | Storing File: res://production/enemies/wave_scheduler.gdc[39m[0m
[  71% ] [90m[1msavepack[22m | Storing File: res://production/events/actor_damaged_event.gdc[39m[0m
[  72% ] [90m[1msavepack[22m | Storing File: res://production/events/actor_destroyed_event.gdc[39m[0m
[  72% ] [90m[1msavepack[22m | Storing File: res://production/events/boss_phase_changed_event.gdc[39m[0m
[  73% ] [90m[1msavepack[22m | Storing File: res://production/events/chain_changed_event.gdc[39m[0m
[  73% ] [90m[1msavepack[22m | Storing File: res://production/events/checkpoint_reached_event.gdc[39m[0m
[  74% ] [90m[1msavepack[22m | Storing File: res://production/events/game_event.gdc[39m[0m
[  74% ] [90m[1msavepack[22m | Storing File: res://production/events/objective_progress_event.gdc[39m[0m
[  75% ] [90m[1msavepack[22m | Storing File: res://production/events/projectile_interaction_event.gdc[39m[0m
[  75% ] [90m[1msavepack[22m | Storing File: res://production/events/reward_granted_event.gdc[39m[0m
[  76% ] [90m[1msavepack[22m | Storing File: res://production/events/typed_event_bus.gdc[39m[0m
[  76% ] [90m[1msavepack[22m | Storing File: res://production/missions/test_mission.gdc[39m[0m
[  76% ] [90m[1msavepack[22m | Storing File: res://.godot/exported/133200997/export-85e7e7905882ec9ad266222fec28d536-test_mission.scn[39m[0m
[  77% ] [90m[1msavepack[22m | Storing File: res://production/movement/movement_profile.gdc[39m[0m
[  77% ] [90m[1msavepack[22m | Storing File: res://production/movement/movement_state_machine.gdc[39m[0m
[  78% ] [90m[1msavepack[22m | Storing File: res://production/movement/player_movement_controller.gdc[39m[0m
[  78% ] [90m[1msavepack[22m | Storing File: res://production/progression/economy_reporter.gdc[39m[0m
[  79% ] [90m[1msavepack[22m | Storing File: res://production/progression/experience_curve.gdc[39m[0m
[  79% ] [90m[1msavepack[22m | Storing File: res://production/progression/inventory_manager.gdc[39m[0m
[  80% ] [90m[1msavepack[22m | Storing File: res://production/progression/progression_profile.gdc[39m[0m
[  80% ] [90m[1msavepack[22m | Storing File: res://production/progression/reward_calculator.gdc[39m[0m
[  81% ] [90m[1msavepack[22m | Storing File: res://production/progression/skill_tree_manager.gdc[39m[0m
[  81% ] [90m[1msavepack[22m | Storing File: res://production/progression/stat_calculator.gdc[39m[0m
[  82% ] [90m[1msavepack[22m | Storing File: res://production/progression/temporary_upgrade_draft.gdc[39m[0m
[  82% ] [90m[1msavepack[22m | Storing File: res://production/save/profile_content_validator.gdc[39m[0m
[  82% ] [90m[1msavepack[22m | Storing File: res://production/save/save_schema_migrator.gdc[39m[0m
[  83% ] [90m[1msavepack[22m | Storing File: res://production/services/achievement_service.gdc[39m[0m
[  83% ] [90m[1msavepack[22m | Storing File: res://production/services/audio_service.gdc[39m[0m
[  84% ] [90m[1msavepack[22m | Storing File: res://production/services/base_service.gdc[39m[0m
[  84% ] [90m[1msavepack[22m | Storing File: res://production/services/diagnostics_service.gdc[39m[0m
[  85% ] [90m[1msavepack[22m | Storing File: res://production/services/game_flow_service.gdc[39m[0m
[  85% ] [90m[1msavepack[22m | Storing File: res://production/services/input_service.gdc[39m[0m
[  86% ] [90m[1msavepack[22m | Storing File: res://production/services/localization_service.gdc[39m[0m
[  86% ] [90m[1msavepack[22m | Storing File: res://production/services/platform_service.gdc[39m[0m
[  87% ] [90m[1msavepack[22m | Storing File: res://production/services/profile_service.gdc[39m[0m
[  87% ] [90m[1msavepack[22m | Storing File: res://production/services/save_service.gdc[39m[0m
[  87% ] [90m[1msavepack[22m | Storing File: res://production/services/scene_router_service.gdc[39m[0m
[  88% ] [90m[1msavepack[22m | Storing File: res://production/services/service_hub.gdc[39m[0m
[  88% ] [90m[1msavepack[22m | Storing File: res://production/services/settings_service.gdc[39m[0m
[  89% ] [90m[1msavepack[22m | Storing File: res://production/session/actor_registry.gdc[39m[0m
[  89% ] [90m[1msavepack[22m | Storing File: res://production/session/game_session.gdc[39m[0m
[  90% ] [90m[1msavepack[22m | Storing File: res://production/session/game_session_config.gdc[39m[0m
[  90% ] [90m[1msavepack[22m | Storing File: res://production/ui/accessibility_preview.gdc[39m[0m
[  91% ] [90m[1msavepack[22m | Storing File: res://production/ui/diagnostics_overlay.gdc[39m[0m
[  91% ] [90m[1msavepack[22m | Storing File: res://production/ui/menu_shell.gdc[39m[0m
[  92% ] [90m[1msavepack[22m | Storing File: res://production/ui/results_screen.gdc[39m[0m
[  92% ] [90m[1msavepack[22m | Storing File: res://production/ui/save_recovery_panel.gdc[39m[0m
[  93% ] [90m[1msavepack[22m | Storing File: res://production/ui/ui_component_library.gdc[39m[0m
[  93% ] [90m[1msavepack[22m | Storing File: res://tests/phase2/phase2_acceptance.gdc[39m[0m
[  93% ] [90m[1msavepack[22m | Storing File: res://tests/phase3/phase3_acceptance.gdc[39m[0m
[  94% ] [90m[1msavepack[22m | Storing File: res://tests/phase4/phase4_acceptance.gdc[39m[0m
[  94% ] [90m[1msavepack[22m | Storing File: res://tests/phase5/actor_test_scene.gdc[39m[0m
[  95% ] [90m[1msavepack[22m | Storing File: res://.godot/exported/133200997/export-5b05c5e5f2bfbe298f222726747da180-actor_test_scene.scn[39m[0m
[  95% ] [90m[1msavepack[22m | Storing File: res://tests/phase5/phase5_acceptance.gdc[39m[0m
[  96% ] [90m[1msavepack[22m | Storing File: res://tests/phase6/phase6_acceptance.gdc[39m[0m
[  96% ] [90m[1msavepack[22m | Storing File: res://tests/phase7/phase7_acceptance.gdc[39m[0m
[  97% ] [90m[1msavepack[22m | Storing File: res://tests/phase8/phase8_acceptance.gdc[39m[0m
[  97% ] [90m[1msavepack[22m | Storing File: res://tests/phase9/phase9_acceptance.gdc[39m[0m
[  98% ] [90m[1msavepack[22m | Storing File: res://tests/smoke/phase1_smoke.gdc[39m[0m
[  98% ] [90m[1msavepack[22m | Storing File: res://.godot/exported/133200997/export-9987f175c2165d4a8d6586e5fac96b9a-phase1_smoke.scn[39m[0m
[  98% ] [90m[1msavepack[22m | Storing File: res://legacy/autoload/audio_center.gd.remap[39m[0m
[  98% ] [90m[1msavepack[22m | Storing File: res://legacy/autoload/battle_server.gd.remap[39m[0m
[  98% ] [90m[1msavepack[22m | Storing File: res://legacy/autoload/currency.gd.remap[39m[0m
[  98% ] [90m[1msavepack[22m | Storing File: res://legacy/autoload/enemy_spawner_data.gd.remap[39m[0m
[  98% ] [90m[1msavepack[22m | Storing File: res://legacy/autoload/game_server.gd.remap[39m[0m
[  98% ] [90m[1msavepack[22m | Storing File: res://legacy/autoload/level_gui.gd.remap[39m[0m
[  98% ] [90m[1msavepack[22m | Storing File: res://legacy/autoload/level_server.gd.remap[39m[0m
[  98% ] [90m[1msavepack[22m | Storing File: res://legacy/game/enemy.gd.remap[39m[0m
[  98% ] [90m[1msavepack[22m | Storing File: res://legacy/game/main.gd.remap[39m[0m
[  98% ] [90m[1msavepack[22m | Storing File: res://legacy/game/main.tscn.remap[39m[0m
[  98% ] [90m[1msavepack[22m | Storing File: res://legacy/game/player.gd.remap[39m[0m
[  98% ] [90m[1msavepack[22m | Storing File: res://legacy/game/projectile.gd.remap[39m[0m
[  98% ] [90m[1msavepack[22m | Storing File: res://legacy/game/stage.gd.remap[39m[0m
[  98% ] [90m[1msavepack[22m | Storing File: res://production/actors/components/armor_component.gd.remap[39m[0m
[  98% ] [90m[1msavepack[22m | Storing File: res://production/actors/components/health_component.gd.remap[39m[0m
[  98% ] [90m[1msavepack[22m | Storing File: res://production/actors/components/hitbox_component.gd.remap[39m[0m
[  98% ] [90m[1msavepack[22m | Storing File: res://production/actors/components/hurtbox_component.gd.remap[39m[0m
[  98% ] [90m[1msavepack[22m | Storing File: res://production/actors/components/shield_component.gd.remap[39m[0m
[  98% ] [90m[1msavepack[22m | Storing File: res://production/actors/components/status_component.gd.remap[39m[0m
[  98% ] [90m[1msavepack[22m | Storing File: res://production/actors/base_actor_2d.gd.remap[39m[0m
[  98% ] [90m[1msavepack[22m | Storing File: res://production/actors/production_enemy.gd.remap[39m[0m
[  98% ] [90m[1msavepack[22m | Storing File: res://production/actors/production_player.gd.remap[39m[0m
[  98% ] [90m[1msavepack[22m | Storing File: res://production/actors/production_projectile.gd.remap[39m[0m
[  98% ] [90m[1msavepack[22m | Storing File: res://production/boot/production_boot.gd.remap[39m[0m
[  98% ] [90m[1msavepack[22m | Storing File: res://production/boot/production_boot.tscn.remap[39m[0m
[  98% ] [90m[1msavepack[22m | Storing File: res://production/combat/combat_feedback_controller.gd.remap[39m[0m
[  98% ] [90m[1msavepack[22m | Storing File: res://production/combat/damage_packet.gd.remap[39m[0m
[  98% ] [90m[1msavepack[22m | Storing File: res://production/combat/damage_resolver.gd.remap[39m[0m
[  98% ] [90m[1msavepack[22m | Storing File: res://production/combat/damage_result.gd.remap[39m[0m
[  98% ] [90m[1msavepack[22m | Storing File: res://production/combat/lock_on_controller.gd.remap[39m[0m
[  98% ] [90m[1msavepack[22m | Storing File: res://production/combat/melee_runtime.gd.remap[39m[0m
[  98% ] [90m[1msavepack[22m | Storing File: res://production/combat/pooled_combat_object.gd.remap[39m[0m
[  98% ] [90m[1msavepack[22m | Storing File: res://production/combat/projectile_interaction_resolver.gd.remap[39m[0m
[  98% ] [90m[1msavepack[22m | Storing File: res://production/combat/projectile_pool_manager.gd.remap[39m[0m
[  98% ] [90m[1msavepack[22m | Storing File: res://production/combat/spell_runtime.gd.remap[39m[0m
[  98% ] [90m[1msavepack[22m | Storing File: res://production/combat/status_application.gd.remap[39m[0m
[  98% ] [90m[1msavepack[22m | Storing File: res://production/combat/super_mode_runtime.gd.remap[39m[0m
[  98% ] [90m[1msavepack[22m | Storing File: res://production/combat/weapon_laboratory.gd.remap[39m[0m
[  98% ] [90m[1msavepack[22m | Storing File: res://production/combat/weapon_laboratory.tscn.remap[39m[0m
[  98% ] [90m[1msavepack[22m | Storing File: res://production/combat/weapon_runtime.gd.remap[39m[0m
[  98% ] [90m[1msavepack[22m | Storing File: res://production/content/data/attack/aimed_burst.tres.remap[39m[0m
[  98% ] [90m[1msavepack[22m | Storing File: res://production/content/data/attack/ring.tres.remap[39m[0m
[  98% ] [90m[1msavepack[22m | Storing File: res://production/content/data/attack/wall_gaps.tres.remap[39m[0m
[  98% ] [90m[1msavepack[22m | Storing File: res://production/content/data/attack_deck/scout_deck.tres.remap[39m[0m
[  98% ] [90m[1msavepack[22m | Storing File: res://production/content/data/difficulty/normal.tres.remap[39m[0m
[  98% ] [90m[1msavepack[22m | Storing File: res://production/content/data/difficulty/veteran.tres.remap[39m[0m
[  98% ] [90m[1msavepack[22m | Storing File: res://production/content/data/drop_table/scout_drops.tres.remap[39m[0m
[  98% ] [90m[1msavepack[22m | Storing File: res://production/content/data/elite/veteran.tres.remap[39m[0m
[  98% ] [90m[1msavepack[22m | Storing File: res://production/content/data/enemy/bomber_phase7.tres.remap[39m[0m
[  98% ] [90m[1msavepack[22m | Storing File: res://production/content/data/enemy/commander_phase7.tres.remap[39m[0m
[  98% ] [90m[1msavepack[22m | Storing File: res://production/content/data/enemy/corsair_phase7.tres.remap[39m[0m
[  98% ] [90m[1msavepack[22m | Storing File: res://production/content/data/enemy/dart_phase7.tres.remap[39m[0m
[  98% ] [90m[1msavepack[22m | Storing File: res://production/content/data/enemy/guardian_phase7.tres.remap[39m[0m
[  98% ] [90m[1msavepack[22m | Storing File: res://production/content/data/enemy/harrier_phase7.tres.remap[39m[0m
[  98% ] [90m[1msavepack[22m | Storing File: res://production/content/data/enemy/hunter_phase7.tres.remap[39m[0m
[  98% ] [90m[1msavepack[22m | Storing File: res://production/content/data/enemy/interceptor_phase7.tres.remap[39m[0m
[  98% ] [90m[1msavepack[22m | Storing File: res://production/content/data/enemy/lancer_phase7.tres.remap[39m[0m
[  98% ] [90m[1msavepack[22m | Storing File: res://production/content/data/enemy/marauder_phase7.tres.remap[39m[0m
[  98% ] [90m[1msavepack[22m | Storing File: res://production/content/data/enemy/phantom_phase7.tres.remap[39m[0m
[  98% ] [90m[1msavepack[22m | Storing File: res://production/content/data/enemy/raider_phase7.tres.remap[39m[0m
[  98% ] [90m[1msavepack[22m | Storing File: res://production/content/data/enemy/reaver_phase7.tres.remap[39m[0m
[  98% ] [90m[1msavepack[22m | Storing File: res://production/content/data/enemy/scout.tres.remap[39m[0m
[  98% ] [90m[1msavepack[22m | Storing File: res://production/content/data/enemy/scout_phase7.tres.remap[39m[0m
[  98% ] [90m[1msavepack[22m | Storing File: res://production/content/data/enemy/sentinel_phase7.tres.remap[39m[0m
[  98% ] [90m[1msavepack[22m | Storing File: res://production/content/data/enemy/stalker_phase7.tres.remap[39m[0m
[  98% ] [90m[1msavepack[22m | Storing File: res://production/content/data/enemy/striker_phase7.tres.remap[39m[0m
[  98% ] [90m[1msavepack[22m | Storing File: res://production/content/data/enemy/talon_phase7.tres.remap[39m[0m
[  98% ] [90m[1msavepack[22m | Storing File: res://production/content/data/enemy/viper_phase7.tres.remap[39m[0m
[  98% ] [90m[1msavepack[22m | Storing File: res://production/content/data/enemy/wasp_phase7.tres.remap[39m[0m
[  98% ] [90m[1msavepack[22m | Storing File: res://production/content/data/equipment/reactor_matrix.tres.remap[39m[0m
[  98% ] [90m[1msavepack[22m | Storing File: res://production/content/data/equipment/vector_thrusters.tres.remap[39m[0m
[  98% ] [90m[1msavepack[22m | Storing File: res://production/content/data/formation/arrowhead.tres.remap[39m[0m
[  98% ] [90m[1msavepack[22m | Storing File: res://production/content/data/mission/architecture_test.tres.remap[39m[0m
[  98% ] [90m[1msavepack[22m | Storing File: res://production/content/data/movement/formation_follow.tres.remap[39m[0m
[  98% ] [90m[1msavepack[22m | Storing File: res://production/content/data/movement/sine.tres.remap[39m[0m
[  98% ] [90m[1msavepack[22m | Storing File: res://production/content/data/movement/straight.tres.remap[39m[0m
[  98% ] [90m[1msavepack[22m | Storing File: res://production/content/data/ship/vanguard.tres.remap[39m[0m
[  98% ] [90m[1msavepack[22m | Storing File: res://production/content/data/skills/capacitor_routing.tres.remap[39m[0m
[  98% ] [90m[1msavepack[22m | Storing File: res://production/content/data/skills/reactive_plating.tres.remap[39m[0m
[  98% ] [90m[1msavepack[22m | Storing File: res://production/content/data/skills/vector_control.tres.remap[39m[0m
[  98% ] [90m[1msavepack[22m | Storing File: res://production/content/data/skills/weapon_calibration.tres.remap[39m[0m
[  98% ] [90m[1msavepack[22m | Storing File: res://production/content/data/skills/wing_command.tres.remap[39m[0m
[  98% ] [90m[1msavepack[22m | Storing File: res://production/content/data/spell/aegis.tres.remap[39m[0m
[  98% ] [90m[1msavepack[22m | Storing File: res://production/content/data/spell/cryo.tres.remap[39m[0m
[  98% ] [90m[1msavepack[22m | Storing File: res://production/content/data/spell/gravity.tres.remap[39m[0m
[  98% ] [90m[1msavepack[22m | Storing File: res://production/content/data/spell/nova.tres.remap[39m[0m
[  98% ] [90m[1msavepack[22m | Storing File: res://production/content/data/spell/repair.tres.remap[39m[0m
[  98% ] [90m[1msavepack[22m | Storing File: res://production/content/data/spell/solar.tres.remap[39m[0m
[  98% ] [90m[1msavepack[22m | Storing File: res://production/content/data/spell/storm.tres.remap[39m[0m
[  98% ] [90m[1msavepack[22m | Storing File: res://production/content/data/spell/summon.tres.remap[39m[0m
[  98% ] [90m[1msavepack[22m | Storing File: res://production/content/data/spell/void.tres.remap[39m[0m
[  98% ] [90m[1msavepack[22m | Storing File: res://production/content/data/spell/warp.tres.remap[39m[0m
[  98% ] [90m[1msavepack[22m | Storing File: res://production/content/data/upgrades/emergency_barrier.tres.remap[39m[0m
[  98% ] [90m[1msavepack[22m | Storing File: res://production/content/data/upgrades/overcharged_rounds.tres.remap[39m[0m
[  98% ] [90m[1msavepack[22m | Storing File: res://production/content/data/wave/arrowhead_wave.tres.remap[39m[0m
[  98% ] [90m[1msavepack[22m | Storing File: res://production/content/data/weapon/beam_weapon.tres.remap[39m[0m
[  98% ] [90m[1msavepack[22m | Storing File: res://production/content/data/weapon/chain_lightning.tres.remap[39m[0m
[  98% ] [90m[1msavepack[22m | Storing File: res://production/content/data/weapon/drone_launcher.tres.remap[39m[0m
[  98% ] [90m[1msavepack[22m | Storing File: res://production/content/data/weapon/homing_laser.tres.remap[39m[0m
[  98% ] [90m[1msavepack[22m | Storing File: res://production/content/data/weapon/mine_layer.tres.remap[39m[0m
[  98% ] [90m[1msavepack[22m | Storing File: res://production/content/data/weapon/missile_launcher.tres.remap[39m[0m
[  98% ] [90m[1msavepack[22m | Storing File: res://production/content/data/weapon/pulse_cannon.tres.remap[39m[0m
[  98% ] [90m[1msavepack[22m | Storing File: res://production/content/data/weapon/rail_weapon.tres.remap[39m[0m
[  98% ] [90m[1msavepack[22m | Storing File: res://production/content/data/weapon/scatter_weapon.tres.remap[39m[0m
[  98% ] [90m[1msavepack[22m | Storing File: res://production/content/data/weapon/spread_cannon.tres.remap[39m[0m
[  98% ] [90m[1msavepack[22m | Storing File: res://production/content/definitions/attack_deck_definition.gd.remap[39m[0m
[  98% ] [90m[1msavepack[22m | Storing File: res://production/content/definitions/attack_pattern_definition.gd.remap[39m[0m
[  98% ] [90m[1msavepack[22m | Storing File: res://production/content/definitions/background_layer_definition.gd.remap[39m[0m
[  98% ] [90m[1msavepack[22m | Storing File: res://production/content/definitions/content_definition.gd.remap[39m[0m
[  98% ] [90m[1msavepack[22m | Storing File: res://production/content/definitions/difficulty_profile_definition.gd.remap[39m[0m
[  98% ] [90m[1msavepack[22m | Storing File: res://production/content/definitions/drop_table_definition.gd.remap[39m[0m
[  98% ] [90m[1msavepack[22m | Storing File: res://production/content/definitions/effect_definition.gd.remap[39m[0m
[  98% ] [90m[1msavepack[22m | Storing File: res://production/content/definitions/elite_profile_definition.gd.remap[39m[0m
[  98% ] [90m[1msavepack[22m | Storing File: res://production/content/definitions/enemy_definition.gd.remap[39m[0m
[  98% ] [90m[1msavepack[22m | Storing File: res://production/content/definitions/equipment_definition.gd.remap[39m[0m
[  98% ] [90m[1msavepack[22m | Storing File: res://production/content/definitions/formation_definition.gd.remap[39m[0m
[  98% ] [90m[1msavepack[22m | Storing File: res://production/content/definitions/melee_definition.gd.remap[39m[0m
[  98% ] [90m[1msavepack[22m | Storing File: res://production/content/definitions/mission_definition.gd.remap[39m[0m
[  98% ] [90m[1msavepack[22m | Storing File: res://production/content/definitions/movement_pattern_definition.gd.remap[39m[0m
[  98% ] [90m[1msavepack[22m | Storing File: res://production/content/definitions/portrait_definition.gd.remap[39m[0m
[  98% ] [90m[1msavepack[22m | Storing File: res://production/content/definitions/projectile_definition.gd.remap[39m[0m
[  98% ] [90m[1msavepack[22m | Storing File: res://production/content/definitions/projectile_interaction_policy.gd.remap[39m[0m
[  98% ] [90m[1msavepack[22m | Storing File: res://production/content/definitions/ship_definition.gd.remap[39m[0m
[  98% ] [90m[1msavepack[22m | Storing File: res://production/content/definitions/skill_node_definition.gd.remap[39m[0m
[  98% ] [90m[1msavepack[22m | Storing File: res://production/content/definitions/spell_definition.gd.remap[39m[0m
[  98% ] [90m[1msavepack[22m | Storing File: res://production/content/definitions/super_mode_definition.gd.remap[39m[0m
[  98% ] [90m[1msavepack[22m | Storing File: res://production/content/definitions/temporary_upgrade_definition.gd.remap[39m[0m
[  98% ] [90m[1msavepack[22m | Storing File: res://production/content/definitions/ui_theme_asset_definition.gd.remap[39m[0m
[  98% ] [90m[1msavepack[22m | Storing File: res://production/content/definitions/wave_definition.gd.remap[39m[0m
[  98% ] [90m[1msavepack[22m | Storing File: res://production/content/definitions/weapon_definition.gd.remap[39m[0m
[  98% ] [90m[1msavepack[22m | Storing File: res://production/content/content_database.gd.remap[39m[0m
[  98% ] [90m[1msavepack[22m | Storing File: res://production/enemies/drop_resolver.gd.remap[39m[0m
[  98% ] [90m[1msavepack[22m | Storing File: res://production/enemies/enemy_attack_controller.gd.remap[39m[0m
[  98% ] [90m[1msavepack[22m | Storing File: res://production/enemies/enemy_laboratory.gd.remap[39m[0m
[  98% ] [90m[1msavepack[22m | Storing File: res://production/enemies/enemy_laboratory.tscn.remap[39m[0m
[  98% ] [90m[1msavepack[22m | Storing File: res://production/enemies/enemy_movement_controller.gd.remap[39m[0m
[  98% ] [90m[1msavepack[22m | Storing File: res://production/enemies/enemy_pool_manager.gd.remap[39m[0m
[  98% ] [90m[1msavepack[22m | Storing File: res://production/enemies/formation_runtime.gd.remap[39m[0m
[  98% ] [90m[1msavepack[22m | Storing File: res://production/enemies/wave_scheduler.gd.remap[39m[0m
[  98% ] [90m[1msavepack[22m | Storing File: res://production/events/actor_damaged_event.gd.remap[39m[0m
[  98% ] [90m[1msavepack[22m | Storing File: res://production/events/actor_destroyed_event.gd.remap[39m[0m
[  98% ] [90m[1msavepack[22m | Storing File: res://production/events/boss_phase_changed_event.gd.remap[39m[0m
[  98% ] [90m[1msavepack[22m | Storing File: res://production/events/chain_changed_event.gd.remap[39m[0m
[  98% ] [90m[1msavepack[22m | Storing File: res://production/events/checkpoint_reached_event.gd.remap[39m[0m
[  98% ] [90m[1msavepack[22m | Storing File: res://production/events/game_event.gd.remap[39m[0m
[  98% ] [90m[1msavepack[22m | Storing File: res://production/events/objective_progress_event.gd.remap[39m[0m
[  98% ] [90m[1msavepack[22m | Storing File: res://production/events/projectile_interaction_event.gd.remap[39m[0m
[  98% ] [90m[1msavepack[22m | Storing File: res://production/events/reward_granted_event.gd.remap[39m[0m
[  98% ] [90m[1msavepack[22m | Storing File: res://production/events/typed_event_bus.gd.remap[39m[0m
[  98% ] [90m[1msavepack[22m | Storing File: res://production/missions/test_mission.gd.remap[39m[0m
[  98% ] [90m[1msavepack[22m | Storing File: res://production/missions/test_mission.tscn.remap[39m[0m
[  98% ] [90m[1msavepack[22m | Storing File: res://production/movement/movement_profile.gd.remap[39m[0m
[  98% ] [90m[1msavepack[22m | Storing File: res://production/movement/movement_state_machine.gd.remap[39m[0m
[  98% ] [90m[1msavepack[22m | Storing File: res://production/movement/player_movement_controller.gd.remap[39m[0m
[  98% ] [90m[1msavepack[22m | Storing File: res://production/progression/economy_reporter.gd.remap[39m[0m
[  98% ] [90m[1msavepack[22m | Storing File: res://production/progression/experience_curve.gd.remap[39m[0m
[  98% ] [90m[1msavepack[22m | Storing File: res://production/progression/inventory_manager.gd.remap[39m[0m
[  98% ] [90m[1msavepack[22m | Storing File: res://production/progression/progression_profile.gd.remap[39m[0m
[  98% ] [90m[1msavepack[22m | Storing File: res://production/progression/reward_calculator.gd.remap[39m[0m
[  98% ] [90m[1msavepack[22m | Storing File: res://production/progression/skill_tree_manager.gd.remap[39m[0m
[  98% ] [90m[1msavepack[22m | Storing File: res://production/progression/stat_calculator.gd.remap[39m[0m
[  98% ] [90m[1msavepack[22m | Storing File: res://production/progression/temporary_upgrade_draft.gd.remap[39m[0m
[  98% ] [90m[1msavepack[22m | Storing File: res://production/save/profile_content_validator.gd.remap[39m[0m
[  98% ] [90m[1msavepack[22m | Storing File: res://production/save/save_schema_migrator.gd.remap[39m[0m
[  98% ] [90m[1msavepack[22m | Storing File: res://production/services/achievement_service.gd.remap[39m[0m
[  98% ] [90m[1msavepack[22m | Storing File: res://production/services/audio_service.gd.remap[39m[0m
[  98% ] [90m[1msavepack[22m | Storing File: res://production/services/base_service.gd.remap[39m[0m
[  98% ] [90m[1msavepack[22m | Storing File: res://production/services/diagnostics_service.gd.remap[39m[0m
[  98% ] [90m[1msavepack[22m | Storing File: res://production/services/game_flow_service.gd.remap[39m[0m
[  98% ] [90m[1msavepack[22m | Storing File: res://production/services/input_service.gd.remap[39m[0m
[  98% ] [90m[1msavepack[22m | Storing File: res://production/services/localization_service.gd.remap[39m[0m
[  98% ] [90m[1msavepack[22m | Storing File: res://production/services/platform_service.gd.remap[39m[0m
[  98% ] [90m[1msavepack[22m | Storing File: res://production/services/profile_service.gd.remap[39m[0m
[  98% ] [90m[1msavepack[22m | Storing File: res://production/services/save_service.gd.remap[39m[0m
[  98% ] [90m[1msavepack[22m | Storing File: res://production/services/scene_router_service.gd.remap[39m[0m
[  98% ] [90m[1msavepack[22m | Storing File: res://production/services/service_hub.gd.remap[39m[0m
[  98% ] [90m[1msavepack[22m | Storing File: res://production/services/settings_service.gd.remap[39m[0m
[  98% ] [90m[1msavepack[22m | Storing File: res://production/session/actor_registry.gd.remap[39m[0m
[  98% ] [90m[1msavepack[22m | Storing File: res://production/session/game_session.gd.remap[39m[0m
[  98% ] [90m[1msavepack[22m | Storing File: res://production/session/game_session_config.gd.remap[39m[0m
[  98% ] [90m[1msavepack[22m | Storing File: res://production/ui/accessibility_preview.gd.remap[39m[0m
[  98% ] [90m[1msavepack[22m | Storing File: res://production/ui/diagnostics_overlay.gd.remap[39m[0m
[  98% ] [90m[1msavepack[22m | Storing File: res://production/ui/menu_shell.gd.remap[39m[0m
[  98% ] [90m[1msavepack[22m | Storing File: res://production/ui/results_screen.gd.remap[39m[0m
[  98% ] [90m[1msavepack[22m | Storing File: res://production/ui/save_recovery_panel.gd.remap[39m[0m
[  98% ] [90m[1msavepack[22m | Storing File: res://production/ui/ui_component_library.gd.remap[39m[0m
[  98% ] [90m[1msavepack[22m | Storing File: res://tests/phase2/phase2_acceptance.gd.remap[39m[0m
[  98% ] [90m[1msavepack[22m | Storing File: res://tests/phase3/phase3_acceptance.gd.remap[39m[0m
[  98% ] [90m[1msavepack[22m | Storing File: res://tests/phase4/phase4_acceptance.gd.remap[39m[0m
[  98% ] [90m[1msavepack[22m | Storing File: res://tests/phase5/actor_test_scene.gd.remap[39m[0m
[  98% ] [90m[1msavepack[22m | Storing File: res://tests/phase5/actor_test_scene.tscn.remap[39m[0m
[  98% ] [90m[1msavepack[22m | Storing File: res://tests/phase5/phase5_acceptance.gd.remap[39m[0m
[  98% ] [90m[1msavepack[22m | Storing File: res://tests/phase6/phase6_acceptance.gd.remap[39m[0m
[  98% ] [90m[1msavepack[22m | Storing File: res://tests/phase7/phase7_acceptance.gd.remap[39m[0m
[  98% ] [90m[1msavepack[22m | Storing File: res://tests/phase8/phase8_acceptance.gd.remap[39m[0m
[  98% ] [90m[1msavepack[22m | Storing File: res://tests/phase9/phase9_acceptance.gd.remap[39m[0m
[  98% ] [90m[1msavepack[22m | Storing File: res://tests/smoke/phase1_smoke.gd.remap[39m[0m
[  98% ] [90m[1msavepack[22m | Storing File: res://tests/smoke/phase1_smoke.tscn.remap[39m[0m
[  98% ] [90m[1msavepack[22m | Storing File: res://.godot/global_script_class_cache.cfg[39m[0m
[  98% ] [90m[1msavepack[22m | Storing File: res://.godot/uid_cache.bin[39m[0m
[  98% ] [90m[1msavepack[22m | Storing File: res://project.binary[39m[0m
[92m[ DONE ][39m [1msavepack[22m
[0m
