Godot Engine v4.7.1.stable.official.a13da4feb - https://godotengine.org

PASS: normal save writes a checksum-verified atomic document (error 0: )
PASS: interrupted temporary write preserves the valid primary
PASS: second generation rotates the primary to previous backup
PASS: third generation rotates a recovery backup
PASS: corrupt primary restores from previous backup
PASS: corrupt primary and previous backup restore from recovery generation
PASS: all corrupt generations fail safely without resetting data
PASS: recovery diagnostics export with actionable attempt details
PASS: released schema fixture is written
PASS: schema 8 migrates through the registered path and content rename map
PASS: unknown profile data is retained where safe
PASS: migration creates a pre-migration backup and audit log
PASS: unsupported old schemas fail with a clear recovery reason
PASS: profiles can be created and duplicated with campaign metadata
PASS: profiles can be renamed and selected
PASS: slot summaries expose playtime, campaign, last stage, and New Game Plus
PASS: profiles can be explicitly deleted without silently replacing them
PASS: content database is available for save reconciliation
PASS: missing optional content is retained and does not destroy the profile
PASS: missing required equipped content produces an explicit recovery path
PASS: checkpoint saves required multiplayer, objective, upgrade, and pending-reward state
PASS: checkpoint restores the exact stage seed, route, and local participants
PASS: checkpoint restores objective and temporary upgrade state
PASS: checkpoint reload cannot duplicate a reward transaction
PASS: New Game Plus cycle survives profile serialization
PHASE 9 ACCEPTANCE: all 25 checks passed
WARNING: 12 ObjectDB instances were leaked at exit (run with `--verbose` for details).
   at: cleanup (core/object/object.cpp:2536)
ERROR: 4 resources still in use at exit (run with --verbose for details).
   at: clear (core/io/resource.cpp:822)
